AzerothCore rev. 244308976927 2025-09-27 14:04:41 +0700 (npcbots_3.3.5 branch) (Win64, RelWithDebInfo, Static) (authserver)
<Ctrl-C> to stop.

   █████╗ ███████╗███████╗██████╗  ██████╗ ████████╗██╗  ██╗
  ██╔══██╗╚══███╔╝██╔════╝██╔══██╗██╔═══██╗╚══██╔══╝██║  ██║
  ███████║  ███╔╝ █████╗  ██████╔╝██║   ██║   ██║   ███████║
  ██╔══██║ ███╔╝  ██╔══╝  ██╔══██╗██║   ██║   ██║   ██╔══██║
  ██║  ██║███████╗███████╗██║  ██║╚██████╔╝   ██║   ██║  ██║
  ╚═╝  ╚═╝╚══════╝╚══════╝╚═╝  ╚═╝ ╚═════╝    ╚═╝   ╚═╝  ╚═╝
                                 ██████╗ ██████╗ ██████╗ ███████╗
                                ██╔════╝██╔═══██╗██╔══██╗██╔════╝
                                ██║     ██║   ██║██████╔╝█████╗
                                ██║     ██║   ██║██╔══██╗██╔══╝
                                ╚██████╗╚██████╔╝██║  ██║███████╗
                                 ╚═════╝ ╚═════╝ ╚═╝  ╚═╝╚══════╝

     AzerothCore 3.3.5a  -  www.azerothcore.org

> Using configuration file       configs/authserver.conf
> Using SSL version:             OpenSSL 3.5.4 30 Sep 2025 (library: OpenSSL 3.5.4 30 Sep 2025)
> Using Boost version:           1.81.0
 
Opening DatabasePool 'acore_auth'. Asynchronous connections: 1, synchronous connections: 1.
MySQL client library: 8.0.34
MySQL server ver: 8.4.6 
Connected to MySQL database at 127.0.0.1
MySQL client library: 8.0.34
MySQL server ver: 8.4.6 
Connected to MySQL database at 127.0.0.1
DatabasePool 'acore_auth' opened successfully. 2 total connections running.
 
Database Auth is empty, auto populating it...
>> Applying 'account.sql'...
>> Applying 'account_access.sql'...
>> Applying 'account_banned.sql'...
>> Applying 'account_muted.sql'...
>> Applying 'autobroadcast.sql'...
>> Applying 'autobroadcast_locale.sql'...
>> Applying 'build_info.sql'...
>> Applying 'ip_banned.sql'...
>> Applying 'logs.sql'...
>> Applying 'logs_ip_actions.sql'...
>> Applying 'motd.sql'...
>> Applying 'motd_localized.sql'...
>> Applying 'realmcharacters.sql'...
>> Applying 'realmlist.sql'...
>> Applying 'secret_digest.sql'...
>> Applying 'updates.sql'...
>> Applying 'updates_include.sql'...
>> Applying 'uptime.sql'...
>> Done!
 
Updating Auth database...
>> Applying update "2025_07_24_00.sql" 'FCC937F'...
>> Applied 1 query. Containing 7 new and 1 archived updates.
 
Started auth database connection pool.
Loading IP Location Database...
 
Added realm "AzerothCore" at 127.0.0.1:8085.
