AzerothCore rev. 244308976927 2025-09-27 14:04:41 +0700 (npcbots_3.3.5 branch) (Win64, RelWithDebInfo, Static) (worldserver-daemon)
<Ctrl-C> to stop.

   █████╗ ███████╗███████╗██████╗  ██████╗ ████████╗██╗  ██╗
  ██╔══██╗╚══███╔╝██╔════╝██╔══██╗██╔═══██╗╚══██╔══╝██║  ██║
  ███████║  ███╔╝ █████╗  ██████╔╝██║   ██║   ██║   ███████║
  ██╔══██║ ███╔╝  ██╔══╝  ██╔══██╗██║   ██║   ██║   ██╔══██║
  ██║  ██║███████╗███████╗██║  ██║╚██████╔╝   ██║   ██║  ██║
  ╚═╝  ╚═╝╚══════╝╚══════╝╚═╝  ╚═╝ ╚═════╝    ╚═╝   ╚═╝  ╚═╝
                                 ██████╗ ██████╗ ██████╗ ███████╗
                                ██╔════╝██╔═══██╗██╔══██╗██╔════╝
                                ██║     ██║   ██║██████╔╝█████╗
                                ██║     ██║   ██║██╔══██╗██╔══╝
                                ╚██████╗╚██████╔╝██║  ██║███████╗
                                 ╚═════╝ ╚═════╝ ╚═╝  ╚═╝╚══════╝

     AzerothCore 3.3.5a  -  www.azerothcore.org

> Using configuration file       configs/worldserver.conf
> Using SSL version:             OpenSSL 3.5.4 30 Sep 2025 (library: OpenSSL 3.5.4 30 Sep 2025)
> Using Boost version:           1.81.0
 
Process priority class set to HIGH
Initializing Scripts...
> Loading C++ scripts
 
Opening DatabasePool 'acore_auth'. Asynchronous connections: 1, synchronous connections: 1.
DatabasePool 'acore_auth' opened successfully. 2 total connections running.
 
Opening DatabasePool 'acore_characters'. Asynchronous connections: 1, synchronous connections: 1.
DatabasePool 'acore_characters' opened successfully. 2 total connections running.
 
Opening DatabasePool 'acore_world'. Asynchronous connections: 1, synchronous connections: 1.
DatabasePool 'acore_world' opened successfully. 2 total connections running.
 
Database Character is empty, auto populating it...
>> Applying 'account_data.sql'...
>> Applying 'account_instance_times.sql'...
>> Applying 'account_tutorial.sql'...
>> Applying 'active_arena_season.sql'...
>> Applying 'addons.sql'...
>> Applying 'arena_team.sql'...
>> Applying 'arena_team_member.sql'...
>> Applying 'auctionhouse.sql'...
>> Applying 'banned_addons.sql'...
>> Applying 'battleground_deserters.sql'...
>> Applying 'bugreport.sql'...
>> Applying 'calendar_events.sql'...
>> Applying 'calendar_invites.sql'...
>> Applying 'channels.sql'...
>> Applying 'channels_bans.sql'...
>> Applying 'channels_rights.sql'...
>> Applying 'characters.sql'...
>> Applying 'characters_npcbot.sql'...
>> Applying 'characters_npcbot_group_member.sql'...
>> Applying 'characters_npcbot_stats.sql'...
>> Applying 'characters_npcbot_transmog.sql'...
>> Applying 'character_account_data.sql'...
>> Applying 'character_achievement.sql'...
>> Applying 'character_achievement_offline_updates.sql'...
>> Applying 'character_achievement_progress.sql'...
>> Applying 'character_action.sql'...
>> Applying 'character_arena_stats.sql'...
>> Applying 'character_aura.sql'...
>> Applying 'character_banned.sql'...
>> Applying 'character_battleground_random.sql'...
>> Applying 'character_brew_of_the_month.sql'...
>> Applying 'character_declinedname.sql'...
>> Applying 'character_entry_point.sql'...
>> Applying 'character_equipmentsets.sql'...
>> Applying 'character_gifts.sql'...
>> Applying 'character_glyphs.sql'...
>> Applying 'character_homebind.sql'...
>> Applying 'character_instance.sql'...
>> Applying 'character_inventory.sql'...
>> Applying 'character_pet.sql'...
>> Applying 'character_pet_declinedname.sql'...
>> Applying 'character_queststatus.sql'...
>> Applying 'character_queststatus_daily.sql'...
>> Applying 'character_queststatus_monthly.sql'...
>> Applying 'character_queststatus_rewarded.sql'...
>> Applying 'character_queststatus_seasonal.sql'...
>> Applying 'character_queststatus_weekly.sql'...
>> Applying 'character_reputation.sql'...
>> Applying 'character_settings.sql'...
>> Applying 'character_skills.sql'...
>> Applying 'character_social.sql'...
>> Applying 'character_spell.sql'...
>> Applying 'character_spell_cooldown.sql'...
>> Applying 'character_stats.sql'...
>> Applying 'character_talent.sql'...
>> Applying 'corpse.sql'...
>> Applying 'creature_respawn.sql'...
>> Applying 'gameobject_respawn.sql'...
>> Applying 'game_event_condition_save.sql'...
>> Applying 'game_event_save.sql'...
>> Applying 'gm_subsurvey.sql'...
>> Applying 'gm_survey.sql'...
>> Applying 'gm_ticket.sql'...
>> Applying 'groups.sql'...
>> Applying 'group_member.sql'...
>> Applying 'guild.sql'...
>> Applying 'guild_bank_eventlog.sql'...
>> Applying 'guild_bank_item.sql'...
>> Applying 'guild_bank_right.sql'...
>> Applying 'guild_bank_tab.sql'...
>> Applying 'guild_eventlog.sql'...
>> Applying 'guild_member.sql'...
>> Applying 'guild_member_withdraw.sql'...
>> Applying 'guild_rank.sql'...
>> Applying 'instance.sql'...
>> Applying 'instance_reset.sql'...
>> Applying 'instance_saved_go_state_data.sql'...
>> Applying 'item_instance.sql'...
>> Applying 'item_loot_storage.sql'...
>> Applying 'item_refund_instance.sql'...
>> Applying 'item_soulbound_trade_data.sql'...
>> Applying 'lag_reports.sql'...
>> Applying 'lfg_data.sql'...
>> Applying 'log_arena_fights.sql'...
>> Applying 'log_arena_memberstats.sql'...
>> Applying 'log_encounter.sql'...
>> Applying 'log_money.sql'...
>> Applying 'mail.sql'...
>> Applying 'mail_items.sql'...
>> Applying 'mail_server_character.sql'...
>> Applying 'mail_server_template.sql'...
>> Applying 'mail_server_template_conditions.sql'...
>> Applying 'mail_server_template_items.sql'...
>> Applying 'petition.sql'...
>> Applying 'petition_sign.sql'...
>> Applying 'pet_aura.sql'...
>> Applying 'pet_spell.sql'...
>> Applying 'pet_spell_cooldown.sql'...
>> Applying 'pool_quest_save.sql'...
>> Applying 'profanity_name.sql'...
>> Applying 'pvpstats_battlegrounds.sql'...
>> Applying 'pvpstats_players.sql'...
>> Applying 'quest_tracker.sql'...
>> Applying 'recovery_item.sql'...
>> Applying 'reserved_name.sql'...
>> Applying 'updates.sql'...
>> Applying 'updates_include.sql'...
>> Applying 'warden_action.sql'...
>> Applying 'worldstates.sql'...
>> Applying 'world_state.sql'...
>> Done!
 
Database World is empty, auto populating it...
>> Applying 'achievement_category_dbc.sql'...
>> Applying 'achievement_criteria_data.sql'...
>> Applying 'achievement_criteria_dbc.sql'...
>> Applying 'achievement_dbc.sql'...
>> Applying 'achievement_reward.sql'...
>> Applying 'achievement_reward_locale.sql'...
>> Applying 'acore_string.sql'...
>> Applying 'antidos_opcode_policies.sql'...
>> Applying 'areagroup_dbc.sql'...
>> Applying 'areapoi_dbc.sql'...
>> Applying 'areatable_dbc.sql'...
>> Applying 'areatrigger.sql'...
>> Applying 'areatrigger_involvedrelation.sql'...
>> Applying 'areatrigger_scripts.sql'...
>> Applying 'areatrigger_tavern.sql'...
>> Applying 'areatrigger_teleport.sql'...
>> Applying 'arena_season_reward.sql'...
>> Applying 'arena_season_reward_group.sql'...
>> Applying 'auctionhouse_dbc.sql'...
>> Applying 'bankbagslotprices_dbc.sql'...
>> Applying 'barbershopstyle_dbc.sql'...
>> Applying 'battleground_template.sql'...
>> Applying 'battlemasterlist_dbc.sql'...
>> Applying 'battlemaster_entry.sql'...
>> Applying 'broadcast_text.sql'...
>> Applying 'broadcast_text_locale.sql'...
>> Applying 'charstartoutfit_dbc.sql'...
>> Applying 'chartitles_dbc.sql'...
>> Applying 'chatchannels_dbc.sql'...
>> Applying 'chrclasses_dbc.sql'...
>> Applying 'chrraces_dbc.sql'...
>> Applying 'cinematiccamera_dbc.sql'...
>> Applying 'cinematicsequences_dbc.sql'...
>> Applying 'command.sql'...
>> Applying 'conditions.sql'...
>> Applying 'creature.sql'...
>> Applying 'creaturedisplayinfoextra_dbc.sql'...
>> Applying 'creaturedisplayinfo_dbc.sql'...
>> Applying 'creaturefamily_dbc.sql'...
>> Applying 'creaturemodeldata_dbc.sql'...
>> Applying 'creaturespelldata_dbc.sql'...
>> Applying 'creaturetype_dbc.sql'...
>> Applying 'creature_addon.sql'...
>> Applying 'creature_classlevelstats.sql'...
>> Applying 'creature_equip_template.sql'...
>> Applying 'creature_formations.sql'...
>> Applying 'creature_loot_template.sql'...
>> Applying 'creature_model_info.sql'...
>> Applying 'creature_movement_override.sql'...
>> Applying 'creature_onkill_reputation.sql'...
>> Applying 'creature_questender.sql'...
>> Applying 'creature_questitem.sql'...
>> Applying 'creature_queststarter.sql'...
>> Applying 'creature_sparring.sql'...
>> Applying 'creature_summon_groups.sql'...
>> Applying 'creature_template.sql'...
>> Applying 'creature_template_addon.sql'...
>> Applying 'creature_template_locale.sql'...
>> Applying 'creature_template_model.sql'...
>> Applying 'creature_template_movement.sql'...
>> Applying 'creature_template_npcbot_appearance.sql'...
>> Applying 'creature_template_npcbot_extras.sql'...
>> Applying 'creature_template_outfits.sql'...
>> Applying 'creature_template_resistance.sql'...
>> Applying 'creature_template_spell.sql'...
>> Applying 'creature_text.sql'...
>> Applying 'creature_text_locale.sql'...
>> Applying 'currencytypes_dbc.sql'...
>> Applying 'destructiblemodeldata_dbc.sql'...
>> Applying 'disables.sql'...
>> Applying 'disenchant_loot_template.sql'...
>> Applying 'dungeonencounter_dbc.sql'...
>> Applying 'dungeon_access_requirements.sql'...
>> Applying 'dungeon_access_template.sql'...
>> Applying 'durabilitycosts_dbc.sql'...
>> Applying 'durabilityquality_dbc.sql'...
>> Applying 'emotestext_dbc.sql'...
>> Applying 'emotes_dbc.sql'...
>> Applying 'event_scripts.sql'...
>> Applying 'exploration_basexp.sql'...
>> Applying 'factiontemplate_dbc.sql'...
>> Applying 'faction_dbc.sql'...
>> Applying 'fishing_loot_template.sql'...
>> Applying 'gameobject.sql'...
>> Applying 'gameobjectartkit_dbc.sql'...
>> Applying 'gameobjectdisplayinfo_dbc.sql'...
>> Applying 'gameobject_addon.sql'...
>> Applying 'gameobject_loot_template.sql'...
>> Applying 'gameobject_questender.sql'...
>> Applying 'gameobject_questitem.sql'...
>> Applying 'gameobject_queststarter.sql'...
>> Applying 'gameobject_template.sql'...
>> Applying 'gameobject_template_addon.sql'...
>> Applying 'gameobject_template_locale.sql'...
>> Applying 'game_event.sql'...
>> Applying 'game_event_arena_seasons.sql'...
>> Applying 'game_event_battleground_holiday.sql'...
>> Applying 'game_event_condition.sql'...
>> Applying 'game_event_creature.sql'...
>> Applying 'game_event_creature_quest.sql'...
>> Applying 'game_event_gameobject.sql'...
>> Applying 'game_event_gameobject_quest.sql'...
>> Applying 'game_event_model_equip.sql'...
>> Applying 'game_event_npcflag.sql'...
>> Applying 'game_event_npc_vendor.sql'...
>> Applying 'game_event_pool.sql'...
>> Applying 'game_event_prerequisite.sql'...
>> Applying 'game_event_quest_condition.sql'...
>> Applying 'game_event_seasonal_questrelation.sql'...
>> Applying 'game_graveyard.sql'...
>> Applying 'game_tele.sql'...
>> Applying 'game_weather.sql'...
>> Applying 'gemproperties_dbc.sql'...
>> Applying 'glyphproperties_dbc.sql'...
>> Applying 'glyphslot_dbc.sql'...
>> Applying 'gossip_menu.sql'...
>> Applying 'gossip_menu_option.sql'...
>> Applying 'gossip_menu_option_locale.sql'...
>> Applying 'graveyard_zone.sql'...
>> Applying 'gtbarbershopcostbase_dbc.sql'...
>> Applying 'gtchancetomeleecritbase_dbc.sql'...
>> Applying 'gtchancetomeleecrit_dbc.sql'...
>> Applying 'gtchancetospellcritbase_dbc.sql'...
>> Applying 'gtchancetospellcrit_dbc.sql'...
>> Applying 'gtcombatratings_dbc.sql'...
>> Applying 'gtnpcmanacostscaler_dbc.sql'...
>> Applying 'gtoctclasscombatratingscalar_dbc.sql'...
>> Applying 'gtoctregenhp_dbc.sql'...
>> Applying 'gtregenhpperspt_dbc.sql'...
>> Applying 'gtregenmpperspt_dbc.sql'...
>> Applying 'holidays_dbc.sql'...
>> Applying 'holiday_dates.sql'...
>> Applying 'instance_encounters.sql'...
>> Applying 'instance_template.sql'...
>> Applying 'itembagfamily_dbc.sql'...
>> Applying 'itemdisplayinfo_dbc.sql'...
>> Applying 'itemextendedcost_dbc.sql'...
>> Applying 'itemlimitcategory_dbc.sql'...
>> Applying 'itemrandomproperties_dbc.sql'...
>> Applying 'itemrandomsuffix_dbc.sql'...
>> Applying 'itemset_dbc.sql'...
>> Applying 'item_dbc.sql'...
>> Applying 'item_enchantment_template.sql'...
>> Applying 'item_loot_template.sql'...
>> Applying 'item_set_names.sql'...
>> Applying 'item_set_names_locale.sql'...
>> Applying 'item_template.sql'...
>> Applying 'item_template_locale.sql'...
>> Applying 'lfgdungeons_dbc.sql'...
>> Applying 'lfg_dungeon_rewards.sql'...
>> Applying 'lfg_dungeon_template.sql'...
>> Applying 'light_dbc.sql'...
>> Applying 'linked_respawn.sql'...
>> Applying 'liquidtype_dbc.sql'...
>> Applying 'lock_dbc.sql'...
>> Applying 'mailtemplate_dbc.sql'...
>> Applying 'mail_level_reward.sql'...
>> Applying 'mail_loot_template.sql'...
>> Applying 'mapdifficulty_dbc.sql'...
>> Applying 'map_dbc.sql'...
>> Applying 'milling_loot_template.sql'...
>> Applying 'module_string.sql'...
>> Applying 'module_string_locale.sql'...
>> Applying 'movie_dbc.sql'...
>> Applying 'namesprofanity_dbc.sql'...
>> Applying 'namesreserved_dbc.sql'...
>> Applying 'npc_spellclick_spells.sql'...
>> Applying 'npc_text.sql'...
>> Applying 'npc_text_locale.sql'...
>> Applying 'npc_trainer.sql'...
>> Applying 'npc_vendor.sql'...
>> Applying 'outdoorpvp_template.sql'...
>> Applying 'overridespelldata_dbc.sql'...
>> Applying 'page_text.sql'...
>> Applying 'page_text_locale.sql'...
>> Applying 'pet_levelstats.sql'...
>> Applying 'pet_name_generation.sql'...
>> Applying 'pet_name_generation_locale.sql'...
>> Applying 'pickpocketing_loot_template.sql'...
>> Applying 'playercreateinfo.sql'...
>> Applying 'playercreateinfo_action.sql'...
>> Applying 'playercreateinfo_cast_spell.sql'...
>> Applying 'playercreateinfo_item.sql'...
>> Applying 'playercreateinfo_skills.sql'...
>> Applying 'playercreateinfo_spell_custom.sql'...
>> Applying 'player_class_stats.sql'...
>> Applying 'player_factionchange_achievement.sql'...
>> Applying 'player_factionchange_items.sql'...
>> Applying 'player_factionchange_quests.sql'...
>> Applying 'player_factionchange_reputations.sql'...
>> Applying 'player_factionchange_spells.sql'...
>> Applying 'player_factionchange_titles.sql'...
>> Applying 'player_loot_template.sql'...
>> Applying 'player_race_stats.sql'...
>> Applying 'player_shapeshift_model.sql'...
>> Applying 'player_totem_model.sql'...
>> Applying 'player_xp_for_level.sql'...
>> Applying 'points_of_interest.sql'...
>> Applying 'points_of_interest_locale.sql'...
>> Applying 'pool_creature.sql'...
>> Applying 'pool_gameobject.sql'...
>> Applying 'pool_pool.sql'...
>> Applying 'pool_quest.sql'...
>> Applying 'pool_template.sql'...
>> Applying 'powerdisplay_dbc.sql'...
>> Applying 'prospecting_loot_template.sql'...
>> Applying 'pvpdifficulty_dbc.sql'...
>> Applying 'questfactionreward_dbc.sql'...
>> Applying 'questsort_dbc.sql'...
>> Applying 'questxp_dbc.sql'...
>> Applying 'quest_details.sql'...
>> Applying 'quest_greeting.sql'...
>> Applying 'quest_greeting_locale.sql'...
>> Applying 'quest_mail_sender.sql'...
>> Applying 'quest_money_reward.sql'...
>> Applying 'quest_offer_reward.sql'...
>> Applying 'quest_offer_reward_locale.sql'...
>> Applying 'quest_poi.sql'...
>> Applying 'quest_poi_points.sql'...
>> Applying 'quest_request_items.sql'...
>> Applying 'quest_request_items_locale.sql'...
>> Applying 'quest_template.sql'...
>> Applying 'quest_template_addon.sql'...
>> Applying 'quest_template_locale.sql'...
>> Applying 'randproppoints_dbc.sql'...
>> Applying 'reference_loot_template.sql'...
>> Applying 'reputation_reward_rate.sql'...
>> Applying 'reputation_spillover_template.sql'...
>> Applying 'scalingstatdistribution_dbc.sql'...
>> Applying 'scalingstatvalues_dbc.sql'...
>> Applying 'script_waypoint.sql'...
>> Applying 'skilllineability_dbc.sql'...
>> Applying 'skillline_dbc.sql'...
>> Applying 'skillraceclassinfo_dbc.sql'...
>> Applying 'skilltiers_dbc.sql'...
>> Applying 'skill_discovery_template.sql'...
>> Applying 'skill_extra_item_template.sql'...
>> Applying 'skill_fishing_base_level.sql'...
>> Applying 'skill_perfect_item_template.sql'...
>> Applying 'skinning_loot_template.sql'...
>> Applying 'smart_scripts.sql'...
>> Applying 'soundentries_dbc.sql'...
>> Applying 'spellcasttimes_dbc.sql'...
>> Applying 'spellcategory_dbc.sql'...
>> Applying 'spelldifficulty_dbc.sql'...
>> Applying 'spellduration_dbc.sql'...
>> Applying 'spellfocusobject_dbc.sql'...
>> Applying 'spellitemenchantmentcondition_dbc.sql'...
>> Applying 'spellitemenchantment_dbc.sql'...
>> Applying 'spellradius_dbc.sql'...
>> Applying 'spellrange_dbc.sql'...
>> Applying 'spellrunecost_dbc.sql'...
>> Applying 'spellshapeshiftform_dbc.sql'...
>> Applying 'spellvisual_dbc.sql'...
>> Applying 'spell_area.sql'...
>> Applying 'spell_bonus_data.sql'...
>> Applying 'spell_cooldown_overrides.sql'...
>> Applying 'spell_custom_attr.sql'...
>> Applying 'spell_dbc.sql'...
>> Applying 'spell_enchant_proc_data.sql'...
>> Applying 'spell_group.sql'...
>> Applying 'spell_group_stack_rules.sql'...
>> Applying 'spell_linked_spell.sql'...
>> Applying 'spell_loot_template.sql'...
>> Applying 'spell_mixology.sql'...
>> Applying 'spell_pet_auras.sql'...
>> Applying 'spell_proc.sql'...
>> Applying 'spell_proc_event.sql'...
>> Applying 'spell_ranks.sql'...
>> Applying 'spell_required.sql'...
>> Applying 'spell_scripts.sql'...
>> Applying 'spell_script_names.sql'...
>> Applying 'spell_target_position.sql'...
>> Applying 'spell_threat.sql'...
>> Applying 'stableslotprices_dbc.sql'...
>> Applying 'summonproperties_dbc.sql'...
>> Applying 'talenttab_dbc.sql'...
>> Applying 'talent_dbc.sql'...
>> Applying 'taxinodes_dbc.sql'...
>> Applying 'taxipathnode_dbc.sql'...
>> Applying 'taxipath_dbc.sql'...
>> Applying 'teamcontributionpoints_dbc.sql'...
>> Applying 'totemcategory_dbc.sql'...
>> Applying 'transportanimation_dbc.sql'...
>> Applying 'transportrotation_dbc.sql'...
>> Applying 'transports.sql'...
>> Applying 'updates.sql'...
>> Applying 'updates_include.sql'...
>> Applying 'vehicleseat_dbc.sql'...
>> Applying 'vehicle_accessory.sql'...
>> Applying 'vehicle_dbc.sql'...
>> Applying 'vehicle_seat_addon.sql'...
>> Applying 'vehicle_template_accessory.sql'...
>> Applying 'version.sql'...
>> Applying 'warden_checks.sql'...
>> Applying 'waypoints.sql'...
>> Applying 'waypoint_data.sql'...
>> Applying 'waypoint_scripts.sql'...
>> Applying 'wmoareatable_dbc.sql'...
>> Applying 'worldmaparea_dbc.sql'...
>> Applying 'worldmapoverlay_dbc.sql'...
>> Done!
 
Updating Auth database...
>> Auth database is up-to-date! Containing 8 new and 1 archived updates.
 
Updating Character database...
>> Applying update "2025_07_29_00.sql" '6BA9146'...
>> Applying update "2025_09_03_00.sql" '195C01E'...
>> Applying update "2023_05_16_00_characters_npcbot_gear_storage.sql" '420BD98'...
>> Applying update "2023_05_26_00_characters_npcbot_transmog.sql" '3304DE8'...
>> Applying update "2024_03_12_00_characters_npcbot.sql" '9D567A7'...
>> Applying update "2024_05_29_00_characters_npcbot_logs.sql" 'ABC7A5F'...
>> Applying update "2024_10_17_00_characters_npcbot_settings.sql" 'D6EB761'...
>> Applying update "2024_11_13_00_characters_npcbot_gear_set.sql" 'CC9C3E2'...
>> Applying update "2024_11_13_01_characters_npcbot_gear_set_item.sql" 'E9362D1'...
>> Applying update "2024_11_21_00_characters_npcbot.sql" '7C94C8A'...
>> Applied 10 queries. Containing 10 new and 3 archived updates.
 
Updating World database...
>> Applying update "2025_07_19_01.sql" '6015992'...
>> Applying update "2025_07_20_00.sql" '164EFE7'...
>> Applying update "2025_07_20_01.sql" '8FD43E6'...
>> Applying update "2025_07_20_02.sql" '53CC678'...
>> Applying update "2025_07_21_00.sql" 'EF8C5CF'...
>> Applying update "2025_07_21_01.sql" 'CBBC3F6'...
>> Applying update "2025_07_22_00.sql" '1017CA5'...
>> Applying update "2025_07_22_01.sql" '817B0F6'...
>> Applying update "2025_07_22_02.sql" '4513EE3'...
>> Applying update "2025_07_22_03.sql" 'E904CF1'...
>> Applying update "2025_07_23_00.sql" '8E366B9'...
>> Applying update "2025_07_24_00.sql" '33C9729'...
>> Applying update "2025_07_24_01.sql" 'B424445'...
>> Applying update "2025_07_24_02.sql" 'FBF388C'...
>> Applying update "2025_07_24_03.sql" '5DD5F6F'...
>> Applying update "2025_07_25_00.sql" 'F5C05C9'...
>> Applying update "2025_07_26_00.sql" '0B41F6B'...
>> Applying update "2025_07_26_01.sql" '3026B3D'...
>> Applying update "2025_07_27_00.sql" '62C4540'...
>> Applying update "2025_07_27_01.sql" '3D7B7C6'...
>> Applying update "2025_07_27_02.sql" '5CC9D65'...
>> Applying update "2025_07_29_00.sql" '6F2688D'...
>> Applying update "2025_07_29_01.sql" 'DDE6D41'...
>> Applying update "2025_07_29_02.sql" '2FD6827'...
>> Applying update "2025_07_29_03.sql" '7496596'...
>> Applying update "2025_08_01_00.sql" 'AB02452'...
>> Applying update "2025_08_01_01.sql" '6829211'...
>> Applying update "2025_08_06_00.sql" '2926056'...
>> Applying update "2025_08_06_01.sql" '9839FEC'...
>> Applying update "2025_08_06_02.sql" 'F4BF4EB'...
>> Applying update "2025_08_06_03.sql" '7CB35A0'...
>> Applying update "2025_08_06_04.sql" 'D9C355F'...
>> Applying update "2025_08_07_00.sql" '5C86064'...
>> Applying update "2025_08_08_00.sql" 'E404C92'...
>> Applying update "2025_08_08_01.sql" '6975E8C'...
>> Applying update "2025_08_10_00.sql" 'C02C0E3'...
>> Applying update "2025_08_10_01.sql" '298B769'...
>> Applying update "2025_08_12_00.sql" '20D3119'...
>> Applying update "2025_08_12_01.sql" '9644982'...
>> Applying update "2025_08_13_00.sql" 'CEC0ED7'...
>> Applying update "2025_08_14_00.sql" '033D39B'...
>> Applying update "2025_08_18_00.sql" '2954A0A'...
>> Applying update "2025_08_18_01.sql" '3BB2DBE'...
>> Applying update "2025_08_19_00.sql" 'D0A86E5'...
>> Applying update "2025_08_23_00.sql" '732F2B4'...
>> Applying update "2025_08_23_01.sql" 'C678873'...
>> Applying update "2025_08_23_02.sql" 'BD8E8E8'...
>> Applying update "2025_08_24_00.sql" '50EEB9B'...
>> Applying update "2025_08_25_00.sql" 'AC66740'...
>> Applying update "2025_08_25_01.sql" 'A874B2A'...
>> Applying update "2025_08_25_02.sql" '3B538EF'...
>> Applying update "2025_08_27_00.sql" '3492739'...
>> Applying update "2025_08_27_01.sql" 'A03F4F3'...
>> Applying update "2025_08_27_02.sql" 'CD250AE'...
>> Applying update "2025_08_28_00.sql" '25618B4'...
>> Applying update "2025_08_29_00.sql" '66C4CEA'...
>> Applying update "2025_08_29_01.sql" '95FBB2C'...
>> Applying update "2025_08_30_00.sql" '7345DDA'...
>> Applying update "2025_08_30_01.sql" '3A6A532'...
>> Applying update "2025_08_30_02.sql" 'E435B5D'...
>> Applying update "2025_08_30_03.sql" '396370E'...
>> Applying update "2025_09_02_00.sql" '7F1A66F'...
>> Applying update "2025_09_02_01.sql" '305CF12'...
>> Applying update "2025_09_02_02.sql" '9F5D42D'...
>> Applying update "2025_09_03_00.sql" '65B1061'...
>> Applying update "2025_09_03_01.sql" 'E68DE83'...
>> Applying update "2025_09_03_02.sql" '1AEA332'...
>> Applying update "2025_09_04_00.sql" 'F650658'...
>> Applying update "2025_09_04_01.sql" '0C72074'...
>> Applying update "2025_09_04_02.sql" '1E58768'...
>> Applying update "2025_09_04_03.sql" 'FC957A4'...
>> Applying update "2025_09_05_00.sql" 'D2CCDFF'...
>> Applying update "2025_09_05_01.sql" '016FBF9'...
>> Applying update "2025_09_06_00.sql" 'EC0B771'...
>> Applying update "2025_09_06_01.sql" '3C4A02F'...
>> Applying update "2025_09_06_02.sql" '4A68354'...
>> Applying update "2025_09_06_03.sql" 'C919C4D'...
>> Applying update "2025_09_06_04.sql" '4789537'...
>> Applying update "2025_09_06_05.sql" '1A0C557'...
>> Applying update "2025_09_07_00.sql" 'DDA2B20'...
>> Applying update "2025_09_09_00.sql" '18C23A7'...
>> Applying update "2025_09_09_01.sql" '1B45DA3'...
>> Applying update "2025_09_09_02.sql" '5AB9166'...
>> Applying update "2025_09_09_03.sql" '00AE572'...
>> Applying update "2025_09_09_04.sql" '8C2D6CE'...
>> Applying update "2025_09_09_05.sql" 'D5DAC03'...
>> Applying update "2025_09_10_00.sql" '73915E6'...
>> Applying update "2025_09_10_01.sql" '5026D5C'...
>> Applying update "2025_09_10_02.sql" '45233E5'...
>> Applying update "2025_09_11_00.sql" '6B1BC77'...
>> Applying update "2025_09_11_01.sql" '95294A3'...
>> Applying update "2025_09_11_02.sql" 'A6B32FF'...
>> Applying update "2025_09_11_03.sql" '17FF185'...
>> Applying update "2025_09_12_00.sql" 'B968419'...
>> Applying update "2025_09_12_01.sql" '7DB6622'...
>> Applying update "2025_09_12_02.sql" '020A2E6'...
>> Applying update "2025_09_12_03.sql" '2FBA6CD'...
>> Applying update "2025_09_12_04.sql" '30F4E7B'...
>> Applying update "2025_09_12_05.sql" '3480101'...
>> Applying update "2025_09_13_00.sql" '14E8E66'...
>> Applying update "2025_09_13_01.sql" 'D22E179'...
>> Applying update "2025_09_13_02.sql" 'EA05280'...
>> Applying update "2025_09_13_03.sql" '7E772EC'...
>> Applying update "2025_09_14_00.sql" '9A15782'...
>> Applying update "2025_09_14_01.sql" '438D87A'...
>> Applying update "2025_09_14_02.sql" '9032205'...
>> Applying update "2025_09_15_00.sql" 'BC5101A'...
>> Applying update "2025_09_15_01.sql" 'CDEF5E1'...
>> Applying update "2025_09_15_02.sql" '827D197'...
>> Applying update "2025_09_15_03.sql" '38EDD1D'...
>> Applying update "2025_09_16_00.sql" 'F39B77F'...
>> Applying update "2025_09_16_01.sql" 'C70A108'...
>> Applying update "2025_09_16_02.sql" '359E6C3'...
>> Applying update "2025_09_16_03.sql" '2EFC34A'...
>> Applying update "2025_09_16_04.sql" 'CE82608'...
>> Applying update "2025_09_16_05.sql" '15C69A5'...
>> Applying update "2025_09_16_06.sql" 'ACBB9B2'...
>> Applying update "2025_09_17_00.sql" '8145DB9'...
>> Applying update "2025_09_19_00.sql" 'F7A90B4'...
>> Applying update "2025_09_19_01.sql" '4B2662A'...
>> Applying update "2025_09_19_02.sql" 'E9779E7'...
>> Applying update "2025_09_19_03.sql" 'D55413F'...
>> Applying update "2025_09_19_04.sql" '34D4E68'...
>> Applying update "2025_09_19_05.sql" 'B0263DC'...
>> Applying update "2025_09_19_06.sql" '9DD21E5'...
>> Applying update "2025_09_20_00.sql" 'A0DD119'...
>> Applying update "2025_09_20_01.sql" 'BE37A14'...
>> Applying update "2025_09_20_02.sql" '57DED1D'...
>> Applying update "2025_09_20_03.sql" 'B7C4059'...
>> Applying update "2025_09_20_04.sql" 'E8AFC02'...
>> Applying update "2025_09_20_05.sql" '2928801'...
>> Applying update "2025_09_20_06.sql" '40157F8'...
>> Applying update "2025_09_22_00.sql" 'B0567C5'...
>> Applying update "2025_09_22_01.sql" '599AC12'...
>> Applying update "2025_09_22_02.sql" '3DAC9A7'...
>> Applying update "2025_09_22_03.sql" 'BFCC308'...
>> Applying update "2025_09_23_00.sql" '8D7B2FB'...
>> Applying update "2025_09_23_01.sql" '79128D8'...
>> Applying update "2025_09_23_02.sql" 'DB2199F'...
>> Applying update "2025_09_23_03.sql" '88F36D9'...
>> Applying update "2025_09_26_00.sql" 'FAA8CE3'...
>> Applying update "2025_09_26_01.sql" 'C98FA01'...
>> Applying update "0000-00-00_npcbot_01_creature_template.sql" '97DDF76'...
>> Applying update "0000-00-00_npcbot_02_creature_equip_template.sql" 'D17B20A'...
>> Applying update "0000-00-00_npcbot_03_npc_text.sql" '2AF5617'...
>> Applying update "0000-00-00_npcbot_04_creature_classlevelstats.sql" 'D48B38E'...
>> Applying update "0000-00-00_npcbot_05_command.sql" '9841506'...
>> Applying update "0000-00-00_npcbot_06_creature_template_model.sql" '85647DD'...
>> Applying update "2022_12_08_00_npc_text.sql" 'CF5681B'...
>> Applying update "2022_12_17_00_command.sql" '4939C54'...
>> Applying update "2022_12_17_01_command.sql" '2CB9BF1'...
>> Applying update "2022_12_23_00_command.sql" '50E268E'...
>> Applying update "2022_12_29_00_command.sql" 'B94B5D8'...
>> Applying update "2023_01_02_00_npc_text.sql" '50066D7'...
>> Applying update "2023_03_12_00_creature_template_npcbot_wander_nodes.sql" '4F8FA88'...
>> Applying update "2023_03_14_00_creature_wander_nodes.sql" '97F86C2'...
>> Applying update "2023_03_21_00_creature_template_npcbot_wander_nodes.sql" '6FD181B'...
>> Applying update "2023_03_22_00_creature_template.sql" '4B3C467'...
>> Applying update "2023_04_04_00_creature_template_npcbot_wander_nodes.sql" '529A74D'...
>> Applying update "2023_04_11_00_creature_template_npcbot_wander_nodes.sql" '46C2EC2'...
>> Applying update "2023_04_16_00_creature_template_npcbot_wander_nodes.sql" '2A40B26'...
>> Applying update "2023_04_18_00_creature_template_npcbot_appearance.sql" '690DB9A'...
>> Applying update "2023_04_22_00_creature_template_npcbot_wander_nodes.sql" '506F253'...
>> Applying update "2023_04_28_00_creature_template.sql" '7C765BE'...
>> Applying update "2023_05_14_00_creature_template_npcbot_wander_nodes.sql" '6E4AFE5'...
>> Applying update "2023_05_16_00_npc_text.sql" 'FA866DF'...
>> Applying update "2023_05_20_00_creature_template.sql" '772B5EF'...
>> Applying update "2023_05_20_01_creature_equip_template.sql" 'A681031'...
>> Applying update "2023_05_20_02_creature_template_npcbot_extras.sql" '7884893'...
>> Applying update "2023_05_20_03_npc_text.sql" '9BD1904'...
>> Applying update "2023_06_02_00_creature_template_npcbot_extras.sql" 'CF1AB78'...
>> Applying update "2023_06_03_00_creature_template.sql" '3812CB0'...
>> Applying update "2023_06_09_00_creature_template_npcbot_wander_nodes.sql" '5AF2C6B'...
>> Applying update "2023_06_16_00_creature_template_npcbot_wander_nodes.sql" '5C3BEAC'...
>> Applying update "2023_06_18_01_creature_template_npcbot_disabled_items.sql" 'C1DF9A1'...
>> Applying update "2023_06_19_00_creature_template_npcbot_disabled_items.sql" 'CD8F8B5'...
>> Applying update "2023_06_19_01_creature_template.sql" 'D6A9660'...
>> Applying update "2023_06_24_00_creature_template_npcbot_wander_nodes.sql" 'B72345B'...
>> Applying update "2023_06_26_00_creature_template_npcbot_wander_nodes.sql" '9E6ED88'...
>> Applying update "2023_07_01_00_creature_template_npcbot_disabled_items.sql" '269E8C0'...
>> Applying update "2023_08_13_00_creature_template_npcbot_appearance.sql" '4A06B1E'...
>> Applying update "2024_03_12_00_npc_text.sql" '19616D3'...
>> Applying update "2024_03_18_00_npc_text.sql" 'FF21BC6'...
>> Applying update "2024_03_19_00_npc_text.sql" 'CC1B11A'...
>> Applying update "2024_05_21_00_command.sql" '96398ED'...
>> Applying update "2024_05_29_00_command.sql" 'A25CB44'...
>> Applying update "2024_08_14_00_npc_text.sql" '715A071'...
>> Applying update "2024_08_14_01_npc_text.sql" 'D6BBD5E'...
>> Applying update "2024_08_15_00_command.sql" '4AC8390'...
>> Applying update "2024_08_31_00_command.sql" '1E67305'...
>> Applying update "2024_10_21_00_npc_text.sql" '3F0B5ED'...
>> Applying update "2024_10_27_00_command.sql" 'B19073A'...
>> Applying update "2024_10_31_creature_template_wander_nodes.sql" '9ABF017'...
>> Applying update "2024_11_01_creature_template_wander_nodes.sql" '36607DD'...
>> Applying update "2024_11_04_creature_template_wander_nodes.sql" '07BDF1F'...
>> Applying update "2024_11_05_creature_template_wander_nodes.sql" 'F4D4729'...
>> Applying update "2024_11_07_creature_template_wander_nodes.sql" 'BB7F2E7'...
>> Applying update "2024_11_11_00_npc_text.sql" 'A05595C'...
>> Applying update "2024_11_11_01_npc_text.sql" '24A86F8'...
>> Applying update "2024_11_13_00_npc_text.sql" 'C278525'...
>> Applied 200 queries. Containing 1143 new and 584 archived updates.
 
Loading World Information...
> RealmID:              1
> Version DB world:     ACDB 335.14-dev
Client cache version set to: 14
Will clear `logs` table of entries older than 1209600 seconds every 10 minutes.
Using DataDir G:\WOWACoreBUILD\bin\RelWithDebInfo\Data/
WORLD: VMap support included. LineOfSight:true, getHeight:true, indoorCheck:true PetLOS:true
 
Loading Acore Strings...
>> Loaded 1159 Acore Strings in 8 ms
 
Loading Module Strings...
>> Loaded 0 module strings. DB table `module_string` is empty.
 
Loading Module Strings Locale...
>> Loaded 0 module strings locale. DB table `module_string_locale` is empty.
 
Initialize Data Stores...
>> Initialized 110 Data Stores in 2073 ms
 
Using enUS DBC Locale As Default. All Available DBC locales: enUS 
 
>> Loading Cinematic Camera files
>> Loaded 14 Cinematic Waypoint Sets in 137 ms
 
Loading IP Location Database...
 
Loading Game Graveyard...
>> Loaded 685 Graveyard in 6 ms
 
Initializing PlayerDump Tables...
>> Initialized Tables For PlayerDump in 50 ms.
 
Loading SpellInfo Store...
>> Loaded Spell Custom Attributes in 58 ms
 
Loading Spell Cooldown Overrides...
>> Loaded 1063 Spell Cooldown Overrides entries in 3 ms
 
Loading SpellInfo Data Corrections...
>> Loading spell dbc data corrections  in 7 ms
 
Loading Spell Rank Data...
>> Loaded 3502 spell rank records in 4 ms
 
Loading Spell Specific And Aura State...
>> Loaded Spell Specific And Aura State in 7 ms
 
Loading SkillLineAbilityMultiMap Data...
>> Loaded 10219 SkillLineAbility MultiMap Data in 2 ms
 
Loading SpellInfo Custom Attributes...
>> Loaded 381 spell custom attributes from DB in 2 ms
>> Loaded SpellInfo Custom Attributes in 26 ms
 
Loading Player Totem models...
>> Loaded 20 player totem model records in 108 ms
 
Loading Player Shapeshift models...
>> Loaded 107 player totem model records in 18 ms
 
Loading GameObject Models...
>> Loaded 2324 GameObject Models in 16 ms
 
Loading Script Names...
>> Loaded 3056 ScriptNames in 13442 ms
 
Loading Instance Template...
>> Loaded 85 Instance Templates in 29 ms
 
Loading Character Cache...
No character name data loaded, empty query!
Loading Instances...
>> Loaded Instances And Binds in 3001 ms
 
Loading Broadcast Texts...
>> Loaded 73039 Broadcast Texts in 306 ms
>> Loaded 583570 Broadcast Text Locales in 1209 ms
 
Loading Localization Strings...
>> Loaded 27290 Creature Locale Strings in 475 ms
>> Loaded 20585 Gameobject Locale Strings in 242 ms
>> Loaded 46096 Item Locale Strings in 531 ms
>> Loaded 2481 Item Set Name Locale Strings in 35 ms
>> Loaded 9461 Quest Locale Strings in 486 ms
>> Loaded 13567 Quest Offer Reward Locale Strings in 149 ms
>> Loaded 7502 Quest Request Items Locale Strings in 83 ms
>> Loaded 8366 Npc Text Locale Strings in 128 ms
>> Loaded 1974 Page Text Locale Strings in 58 ms
>> Loaded 5039 Gossip Menu Option Locale Strings in 82 ms
>> Loaded 453 Points Of Interest Locale Strings in 7 ms
>> Loaded 106 Pet Name Locales Parts in 3 ms
 
>> Localization Strings loaded in 2304 ms
 
Loading Page Texts...
>> Loaded 1946 Page Texts in 21 ms
 
Loading Game Object Templates...
>> Loaded 21581 Game Object Templates in 134 ms
 
Loading Game Object Template Addons...
>> Loaded 21493 Game Object Template Addons in 55 ms
 
Loading Transport Templates...
>> Loaded 30 Transport Templates in 12 ms
 
Loading Spell Required Data...
>> Loaded 50 Spell Required Records in 3 ms
 
Loading Spell Group Types...
>> Loaded 374 Spell Group Definitions in 3 ms
 
Loading Spell Learn Skills...
>> Loaded 103 Spell Learn Skills From DBC in 3 ms
 
Loading Spell Proc Event Conditions...
>> Loaded 838 Extra Spell Proc Event Conditions in 6 ms
 
Loading Spell Proc Conditions and Data...
>> Loaded 0 Spell Proc Conditions And Data. DB table `spell_proc` Is Empty.
 
Loading Spell Bonus Data...
>> Loaded 1270 Extra Spell Bonus Data in 6 ms
 
Loading Aggro Spells Definitions...
>> Loaded 106 SpellThreatEntries in 3 ms
 
Loading Mixology Bonuses...
>> Loaded 21 Mixology Bonuses in 3 ms
 
Loading Spell Group Stack Rules...
>> Loaded 36 Spell Group Stack Rules in 3 ms
 
Loading NPC Texts...
>> Loaded 8778 Npc Texts in 133 ms
 
Loading Enchant Spells Proc Datas...
>> Loaded 42 Enchant Proc Data Definitions in 4 ms
 
Loading Item Random Enchantments Table...
>> Loaded 28594 Item Enchantment Definitions in 53 ms
 
Loading Disables
>> Loaded 892 Disables in 7 ms
 
Loading Items...
>> Loaded 46096 Item Templates in 1043 ms
 
Loading Item Set Names...
>> Loaded 2481 Item Set Names in 8 ms
 
Loading Creature Model Based Info Data...
>> Loaded 24143 Creature Model Based Info in 60 ms
 
Loading Creature Custom IDs Config...
Loading Creature Templates...
>> Loaded 40579 creature template models in 88 ms
>> Loaded 2209 Creature Template Resistances in 4 ms
 
>> Loaded 9555 Creature Template Spells in 11 ms
 
>> Loaded 30317 Creature Definitions in 856 ms
 
Loading Equipment Templates...
>> Loaded 11171 Equipment Templates in 30 ms
 
Loading Creature Template Addons...
>> Loaded 11971 Creature Template Addons in 35 ms
 
Loading Reputation Reward Rates...
>> Loaded 14 Reputation Reward Rate in 2 ms
 
Loading Creature Reputation OnKill Data...
>> Loaded 2035 Creature Award Reputation Definitions in 11 ms
 
Loading Reputation Spillover Data...
>> Loaded 26 Reputation Spillover Template in 3 ms
 
Loading Points Of Interest Data...
>> Loaded 463 Points of Interest Definitions in 4 ms
 
Loading Creature Base Stats...
>> Loaded 1000 Creature Base Stats in 7 ms
 
Loading Creature Data...
>> Loaded 150727 Creatures in 1657 ms
 
Loading Creature sparring...
>> Loaded 0 sparring data. DB table `creature_sparring` is empty.
 
Loading Temporary Summon Data...
>> Loaded 1208 Temporary Summons in 11 ms
 
Loading Pet Levelup Spells...
>> Loaded 993 Pet Levelup And Default Spells For 39 Families in 1 ms
 
Loading Pet default Spells additional to Levelup Spells...
>> Loaded Addition Spells For 112 Pet Spell Data Entries in 4 ms
 
Loading Summonable Creature Templates...
>> Loaded 472 Summonable Creature emplates in 8 ms
 
Loading Creature Addon Data...
>> Loaded 35049 Creature Addons in 105 ms
 
Loading Creature Movement Overrides...
>> Loaded 9 Movement Overrides in 3 ms
 
Loading Gameobject Data...
>> Loaded 92731 Gameobjects in 938 ms
 
Loading GameObject Addon Data...
>> Loaded 32 Gameobject Addons in 3 ms
 
Loading GameObject Quest Items...
>> Loaded 862 Gameobject Quest Items in 3 ms
 
Loading Creature Quest Items...
>> Loaded 4416 Creature Quest Items in 11 ms
 
Loading Creature Linked Respawn...
>> Loaded 4317 Linked Respawns In 11 ms
 
Loading Weather Data...
>> Loaded 35 Weather Definitions in 3 ms
 
Loading Quests...
>> Loaded 9464 Quests Definitions in 382 ms
 
Checking Quest Disables
>> Checked 673 Quest Disables in 0 ms
 
Loading Quest POI
>> Loaded 18771 Quest POI definitions in 145 ms
 
Loading Quests Starters and Enders...
Loading GO Start Quest Data...
>> Loaded 457 Quest Relations From gameobject_queststarter in 4 ms
 
Loading GO End Quest Data...
>> Loaded 457 Quest Relations From gameobject_questender in 3 ms
 
Loading Creature Start Quest Data...
>> Loaded 7444 Quest Relations From creature_queststarter in 22 ms
 
Loading Creature End Quest Data...
>> Loaded 7900 Quest Relations From creature_questender in 24 ms
 
Loading Quest Greetings...
>> Loaded 206 quest_greeting in 3 ms
 
Loading Quest Greeting Locales...
>> Loaded 75 quest greeting Locale Strings in 3 ms
 
Loading Quest Money Rewards...
>> Loaded 800 Quest Money Rewards in 3 ms
 
Loading Objects Pooling Data...
>> Loaded 7401 Objects Pools In 18 ms
 
Loading Creatures Pooling Data...
>> Loaded 1660 Creatures In Pools in 3 ms
 
Loading Gameobjects Pooling Data...
>> Loaded 29036 Gameobjects In Pools in 36 ms
 
Loading Mother Pooling Data...
>> Loaded 5001 Pools In Mother Pools in 24 ms
 
Loading Quest Pooling Data...
>> Loaded 161 Quests In Pools in 1 ms
 
Starting Objects Pooling System...
 
Loading Game Event Data...
>> Loaded 153 Holiday Dates in 2 ms
Loading Game Events...
>> Loaded 178 Game Events in 1 ms
 
Loading Game Event Saves Data...
>> Loaded 0 Game Event Saves In Game Events. DB Table `game_event_save` Is Empty.
 
Loading Game Event Prerequisite Data...
>> Loaded 0 Game Rvent Prerequisites in Game Events. DB Table `game_event_prerequisite` Is Empty.
 
Loading Game Event Creature Data...
>> Loaded 11680 Creatures In Game Events in 13 ms
 
Loading Game Event GO Data...
>> Loaded 32271 Gameobjects In Game Events in 22 ms
 
Loading Game Event Model/Equipment Change Data...
>> Loaded 0 Model/Equipment Changes In Game Events. DB Table `game_event_model_equip` Is Empty.
 
Loading Game Event Quest Data...
>> Loaded 242 Quests Additions In Game Events in 1 ms
 
Loading Game Event GO Quest Data...
>> Loaded 78 Quests Additions In Game Events in 1 ms
 
Loading Game Event Quest Condition Data...
>> Loaded 0 quest event Conditions In Game Events. DB Table `game_event_quest_condition` Is Empty.
 
Loading Game Event Condition Data...
>> Loaded 0 Conditions In Game Events. DB table `game_event_condition` Is Empty.
 
Loading Game Event Condition Save Data...
>> Loaded 0 Condition Saves In Game Events. DB Table `game_event_condition_save` Is Empty.
 
Loading Game Event NPCflag Data...
>> Loaded 5 Npcflags In Game Events In 1 ms
 
Loading Game Event Seasonal Quest Relations...
>> Loaded 690 Quests Additions In Game Events in 2 ms
 
Loading Game Event Vendor Additions Data...
>> Loaded 129 Vendor Additions In Game Events in 2 ms
 
Loading Game Event Battleground Data...
>> Loaded 6 Battleground Holidays In Game Events in 1 ms
 
Loading Game Event Pool Data...
>> Loaded 8 Pools For Game Events in 0 ms
 
Loading UNIT_NPC_FLAG_SPELLCLICK Data...
>> Loaded 333 Spellclick Definitions in 7 ms
 
Loading Vehicle Template Accessories...
>> Loaded 190 Vehicle Template Accessories in 2 ms
 
Loading Vehicle Accessories...
>> Loaded 0 Vehicle Accessories in 2 ms
 
Loading Vehicle Seat Addon Data...
>> Loaded 30 Vehicle Seat Addon entries in 2 ms
Loading SpellArea Data...
>> Using ICC Buff Horde: 73822
>> Using ICC Buff Alliance: 73828
>> Loaded 704 Spell Area Requirements in 7 ms
 
Loading Area Trigger Definitions
>> Loaded 1217 Area Trigger Definitions in 9 ms
 
Loading Area Trigger Teleport Definitions...
>> Loaded 274 Area Trigger Teleport Definitions in 4 ms
 
Loading Access Requirements...
>> Loaded 121 Rows From dungeon_access_template And 35 Rows From dungeon_access_requirements in 37 ms
 
Loading Quest Area Triggers...
>> Loaded 76 Quest Trigger Points in 2 ms
 
Loading Tavern Area Triggers...
>> Loaded 113 Tavern Triggers in 2 ms
 
Loading AreaTrigger Script Names...
>> Loaded 164 Areatrigger Scripts in 1 ms
 
Loading LFG Entrance Positions...
>> Loaded 22 LFG Entrance Positions in 4 ms
 
Loading Dungeon Boss Data...
>> Loaded 612 Instance Encounters in 5 ms
 
Loading LFG Rewards...
>> Loaded 15 LFG Dungeon Rewards in 3 ms
 
Loading Graveyard-Zone Links...
>> Loaded 704 Graveyard-Zone Links in 4 ms
 
Loading Spell Pet Auras...
>> Loaded 49 Spell Pet Auras in 3 ms
 
Loading Spell Target Coordinates...
>> Loaded 678 Spell Teleport Coordinates in 5 ms
 
Loading Enchant Custom Attributes...
>> Loaded 47 Custom Enchant Attributes in 1 ms
 
Loading linked Spells...
>> Loaded 612 Linked Spells in 5 ms
 
Loading Player Create Data...
>> Loaded 62 Player Create Definitions in 3 ms
 
Loading Player Create Items Data...
>> Loaded 1 Custom Player Create Items in 4 ms
 
Loading Player Create Skill Data...
>> Loaded 1103 Player Create Skills in 3 ms
 
Loading Player Create Spell Data...
>> Loaded 0 player create spells. DB table `playercreateinfo_spell_custom` is empty.
Loading Player Create Cast Spell Data...
>> Loaded 19 Player Create Cast Spells in 2 ms
 
Loading Player Create Action Data...
>> Loaded 283 Player Create Actions in 3 ms
 
Loading Player Create Level Stats Data...
>> Loaded 746 Level Stats Definitions in 8 ms
 
Loading Player Create XP Data...
>> Loaded 79 XP For Level Definitions in 1 ms
 
Loading Exploration BaseXP Data...
>> Loaded 80 BaseXP Definitions in 3 ms
 
Loading Pet Name Parts...
>> Loaded 313 Pet Name Parts in 3 ms
 
Loading The Max Pet Number...
>> Loaded The Max Pet Number: 0 in 1 ms
 
Loading Pet Level Stats...
>> Loaded 2800 Level Pet Stats Definitions in 9 ms
 
Loading Player Level Dependent Mail Rewards...
>> Loaded 24 Level Dependent Mail Rewards in 4 ms
 
Load Mail Server definitions...
>> Loaded 0 server mail rewards. DB table `mail_server_template` is empty.
 
Loading Creature Loot Templates...
>> Loaded 248829 Creature Loot Templates in 467 ms
 
Loading Fishing Loot Templates...
>> Loaded 251 Fishing Loot Templates in 3 ms
 
Loading Gameobject Loot Templates...
>> Loaded 17958 Gameobject Loot Templates in 50 ms
 
Loading Item Loot Templates...
>> Loaded 4989 item loot templates in 23 ms
 
Loading Mail Loot Templates...
>> Loaded 112 mail loot templates in 2 ms
 
Loading Milling Loot Templates...
>> Loaded 45 milling loot templates in 10 ms
 
Loading Pickpocketing Loot Templates...
>> Loaded 13525 pickpocketing loot templates in 42 ms
 
Loading Skinning Loot Templates...
>> Loaded 1937 skinning loot templates in 12 ms
 
Loading Disenchanting Loot Templates...
>> Loaded 124 disenchanting loot templates in 10 ms
 
Loading Prospecting Loot Templates...
>> Loaded 37 prospecting loot templates in 7 ms
 
Loading Spell Loot Templates...
>> Loaded 163 spell loot templates in 6 ms
 
Loading Reference Loot Templates...
>> Loaded reference loot templates in 114 ms
 
Loading Player Loot Templates...
>> Loaded 20 player loot templates in 3 ms
 
Loading Skill Discovery Table...
>> Loaded 347 skill discovery definitions in 7 ms
 
Loading Skill Extra Item Table...
>> Loaded 227 spell specialization definitions in 3 ms
 
Loading Skill Perfection Data Table...
>> Loaded 72 spell perfection definitions in 2 ms
 
Loading Skill Fishing Base Level Requirements...
>> Loaded 94 areas for fishing base skill level in 2 ms
 
Loading Achievements...
>> Loaded 43 achievement references in 0 ms
 
Loading Achievement Criteria Lists...
>> Loaded 7494 achievement criteria in 4 ms
 
Loading Achievement Criteria Data...
>> Loaded 2816 additional achievement criteria data in 14 ms
 
Loading Achievement Rewards...
>> Loaded 115 achievement rewards in 5 ms
 
Loading Achievement Reward Locales...
>> Loaded 103 Achievement Reward Locale Strings in 17 ms
 
Loading Completed Achievements...
>> Loaded 0 completed achievements. DB table `character_achievement` is empty.
 
Loading Item Auctions...
>> Loaded 0 auction items. DB table `auctionhouse` or `item_instance` is empty!
 
Loading Auctions...
>> Loaded 0 auctions. DB table `auctionhouse` is empty.
 
Loading Guilds Definitions...
>> Loaded 0 guild definitions. DB table `guild` is empty.
 
Loading Guild Ranks...
>> Loaded 0 guild ranks. DB table `guild_rank` is empty.
 
Loading Guild Members...
>> Loaded 0 guild members. DB table `guild_member` is empty.
 
Loading Bank Tab Rights...
>> Loaded 0 guild bank tab rights. DB table `guild_bank_right` is empty.
 
Loading Guild Event Logs...
>> Loaded 0 guild event logs. DB table `guild_eventlog` is empty.
 
Loading Guild Bank Event Logs...
>> Loaded 0 guild bank event logs. DB table `guild_bank_eventlog` is empty.
 
Loading Guild Bank Tabs...
>> Loaded 0 guild bank tabs. DB table `guild_bank_tab` is empty.
 
Filling bank tabs with items...
>> Loaded 0 guild bank tab items. DB table `guild_bank_item` or `item_instance` is empty.
 
Validating data of loaded guilds...
>> Validated data of loaded guilds in 0 ms
 
Loading ArenaTeams...
>> Loaded 0 arena teams. DB table `arena_team` is empty!
 
Loading Groups...
>> Loaded 0 group definitions. DB table `groups` is empty!
 
Loading Group Members...
>> Loaded 0 group members. DB table `group_member` is empty!
 
Loading Reserved Names...
>> Loaded 0 reserved names. DB table `reserved_name` is empty!
>> Loaded 16330 reserved names from DBC in 10 ms
 
Loading Profanity Names...
>> Loaded 0 profanity names. DB table `profanity_name` is empty!
>> Loaded 8267 profanity names from DBC in 4 ms
 
Loading GameObjects for Quests...
>> Loaded 1820 GameObjects for quests in 3 ms
 
Loading BattleMasters...
>> Loaded 146 battlemaster entries in 9 ms
 
Loading GameTeleports...
>> Loaded 1989 GameTeleports in 18 ms
 
Loading Gossip Menu...
>> Loaded 6050 gossip_menu entries in 24 ms
 
Loading Gossip Menu Options...
>> Loaded 4601 gossip_menu_option entries in 53 ms
 
Loading Vendors...
>> Loaded 37654 Vendors in 307 ms
 
Loading Trainers...
>> Loaded 79302 Trainers in 525 ms
 
Loading Waypoints...
>> Loaded 143884 waypoints in 1184 ms
 
Loading SmartAI Waypoints...
>> Loaded 867 SmartAI waypoint paths (total 14444 waypoints) in 41 ms
 
Loading Creature Formations...
>> Loaded 5771 Creatures In Formations in 20 ms
 
Loading WorldStates...
>> Loaded 145 World States in 2 ms
 
Loading Conditions...
>> Loaded 15713 conditions in 61 ms
 
Loading Faction Change Achievement Pairs...
>> Loaded 124 faction change achievement pairs in 4 ms
 
Loading Faction Change Spell Pairs...
>> Loaded 113 faction change spell pairs in 2 ms
 
Loading Faction Change Item Pairs...
>> Loaded 1395 faction change item pairs in 6 ms
 
Loading Faction Change Reputation Pairs...
>> Loaded 15 faction change reputation pairs in 2 ms
 
Loading Faction Change Title Pairs...
>> Loaded 22 faction change title pairs in 2 ms
 
Loading Faction Change Quest Pairs...
>> Loaded 293 faction change quest pairs in 1 ms
 
Loading GM Tickets...
>> Loaded 0 GM tickets. DB table `gm_ticket` is empty!
Loading GM Surveys...
>> Loaded GM Survey count from database in 2 ms
 
Loading Client Addons...
>> Loaded 23 known addons in 3 ms
 
Deleting Invalid Mail Items...
 
Returning Old Mails...
 
Loading Autobroadcasts...
Loading Motd...
Loading Motd locale...
>> Loaded 0 motd locale definitions. DB table `motd_localized` is empty for this realm!
 
>> Loaded 0 motd locale definitions in 4 ms
>> Loaded motd definitions in 7 ms
 
Loading spell_scripts...
>> Loaded 130 script definitions in 4 ms
 
Loading event_scripts...
>> Loaded 461 script definitions in 5 ms
 
Loading waypoint_scripts...
>> Loaded 577 script definitions in 7 ms
 
Loading Spell Script Names...
>> Loaded 2311 spell script names in 4 ms
 
Loading Creature Texts...
>> Loaded 18496 Creature Texts For 4160 Creatures in 92 ms
 
Loading Creature Text Locales...
>> Loaded 14027 Creature Text Locale in 50 ms
 
Loading Scripts...
Loading Script Waypoints For 61 Creature(s)...
>> Loaded 2305 Script Waypoint nodes in 11 ms
>> Loaded 3113 C++ scripts in 76 ms
 
Validating Spell Scripts...
>> Validated 2704 scripts in 70 ms
 
Loading SmartAI Scripts...
>> Loaded 13977 SmartAI scripts in 829 ms
 
Loading Calendar Data...
>> Loaded 0 calendar events
>> Loaded 0 calendar invites
 
Initializing SpellInfo Precomputed Data...
 
Initialize Commands...
Initialize Game Time and Timers
 
Starting Map System
 
Starting NpcBot system...
>> Bot spellInfo overrides generated for 54 spells
>> Bot appearance data loaded
>> Bot race data loaded
>> Bots transmog data is not loaded. Table `characters_npcbot_transmog` is empty!
>> Loaded 0 npcbots. Table `characters_npcbot` is empty!
Setting up wander map...
No valid Neutral spawn node for at least level 60 on non-continent map 30.
No valid Neutral spawn node for at least level 60 on non-continent map 489.
No valid Neutral spawn node for at least level 60 on non-continent map 529.
No valid Neutral spawn node for at least level 60 on non-continent map 566.
>> Loaded 5098 bot wander nodes (0 disabled) on 8 maps (total 499 tops) in 275 ms
Sorting wandering bot's gear...
>> Loaded 60 disabled wandering bots gear items
>> Sorted wandering bots gear in 14 ms
Loading NPCBot group members...
>> Loaded 0 NPCBot group members. DB table `characters_npcbot_group_member` is empty!
Loading NPCBot items storage...
>> Loaded 0 NPCBot stored gear items. DB table `characters_npcbot_gear_storage` is empty!
Loading NPCBot item sets...
>> Loaded 0 NPCBot item sets. DB table `characters_npcbot_gear_set` is empty!
Loading NPCBot managers data...
>> Bot managers data is not loaded. Table `characters_npcbot_settings` is empty!
Deleting NPCBot log entries older than 30 days...
Starting Game Event system...
 
Loading WorldState...
Player::DeleteOldChars: Deleting all characters which have been deleted 30 days before...
 
Initializing Opcodes...
Loading Arena Season Rewards...
>> Loaded 39 arena season rewards in 6 ms
 
Loading Active Arena Season...
Arena Season 8 loaded...
 
Starting Battleground System
>> Loaded 13 battlegrounds in 3 ms
 
Starting Outdoor PvP System
>> Loaded 7 outdoor PvP definitions in 3 ms
 
Starting Battlefield System
Battlefield: Wintergrasp successfully initiated.
 
Loading Transports...
>> Spawned 20 continent motion transports in 14328 ms
Loading Warden Checks...
>> Loaded 793 warden checks.
 
Loading Warden Action Overrides...
>> Loaded 1 warden action overrides.
 
Deleting Expired Bans...
Calculate Next Daily Quest Reset Time...
Calculate Next Weekly Quest Reset Time...
Calculate Next Monthly Quest Reset Time...
Calculate Random Battleground Reset Time...
Calculate Deletion Of Old Calendar Events Time...
Calculate Guild Cap Reset Time...
 
Load Petitions...
>> Loaded 0 Petitions!
 
Load Petition Signs...
>> Loaded 0 Petition signs!
 
Load Stored Loot Items...
>> Loaded 0 stored items!
 
Load Channel Rights...
>> Loaded 0 Channel Rights!
 
Load Channels...
>> Loaded 0 channels. DB table `channels` is empty.
Loading AntiDos opcode policies
>> Loaded 102 AntiDos Opcode Policies in 3 ms
 
 
WORLD: World Initialized In 0 Minutes 52 Seconds
 
AzerothCore rev. 244308976927 2025-09-27 14:04:41 +0700 (npcbots_3.3.5 branch) (Win64, RelWithDebInfo, Static) (worldserver-daemon) ready...
Monthly quests reset for all characters.
Calendar deletion of old events.
Guild Daily Cap reset.
Update time diff: 2503ms with 0 players online
Last 500 diffs summary:
|- Mean: 18ms
|- Median: 2ms
|- Percentiles (95, 99, max): 21ms, 222ms, 2503ms
Update time diff: 157ms with 0 players online
Last 500 diffs summary:
|- Mean: 5ms
|- Median: 1ms
|- Percentiles (95, 99, max): 14ms, 28ms, 157ms
Update time diff: 126ms with 1 players online
Last 500 diffs summary:
|- Mean: 5ms
|- Median: 1ms
|- Percentiles (95, 99, max): 15ms, 28ms, 126ms
